int var1 = 5;
int var2 = 10;
int var4 = var2 + var1 + var2;
int var5 = var2 + var1;
