{"bias":{"type":"double","value":0.0},"flips":{"type":"double","value":-100.70382633096634},"m":{"type":"double","value":27.13588767281251},"modelProbability":{"type":"double","value":-100.70382633096634},"st":{"type":"double","value":-0.0016330070073833512}}