{"bias":{"type":"double","value":1.0},"flips":{"type":"double","value":3.1089964923909366E-16},"m":{"type":"double","value":22.58001909345014},"modelProbability":{"type":"double","value":3.1089964923909366E-16},"st":{"type":"double","value":0.018407626029859483}}