{"modelCode$":"/*\n * Sandwood\n *\n * Copyright (c) 2019-2023, Oracle and/or its affiliates\n * \n * Licensed under the Universal Permissive License v 1.0 as shown at https://oss.oracle.com/licenses/upl/\n */\n\npackage org.sandwood.compiler.tests.parser;\n\nmodel HMMTestPart3b(boolean[] flipsMeasured) {\n        int states = 2;\n\n        double[] v = new double[states];\n        for(int i:[0..states))\n            v[i] = 0.1;\n        \n        double[][] m = dirichlet(v).sample(states);\n        double[] bias = beta(1.0, 1.0).sample(states);\n\n        int samples = flipsMeasured.length;\n        int[] st = new int[samples];\n\n        st[0] = categorical(m[0]).sample();\n\n        for(int i:[4..samples + 3))\n            st[i-3] = categorical(m[st[i-4]]).sample();\n            \n        boolean[] flips = new boolean[samples];\n            \n        for(int j:[5..samples+5))\n            flips[j-5] = bernoulli(bias[st[j-5]]).sample();\n\n        flips.observe(flipsMeasured);\n}\n","bias":[0.9631377235438413,0.9677129159309098],"flips":[true,true,true,true,true,true,true,true,true,true,true,true,true,true,true,true,true,true,true,true,true,true,true,true,true,true,true,true,true,true,true,true,true,true,true,true,true,true,true,true,true,true,true,true,true,true,true,true,true,true,true,true,true,true,true,true,true,true,true,true,true,true,true,true,true,true,true,true,true,true,true,true,true,true,true,true,true,true,true,true,true,true,true,true,true,true,true,true,true,true,true,true,true,true,true,true,true,true,true,true],"m":[[0.9987612471503315,0.0012387528496684759],[6.087815783707909E-4,0.9993912184216291]],"st":[0,0,0,0,0,0,0,0,0,0,0,0,0,0,0,0,0,0,0,0,1,1,1,1,1,1,1,1,1,1,1,1,1,1,1,1,1,1,1,1,1,1,1,1,1,1,1,1,1,1,1,1,1,1,1,1,1,1,1,1,1,1,1,1,1,1,1,1,1,1,1,1,1,1,1,1,1,1,1,1,1,1,1,1,1,1,1,1,1,1,1,1,1,1,1,1,1,1,1,1],"flipsMeasured":[true,true,true,true,true,true,true,true,true,true,true,true,true,true,true,true,true,true,true,true,true,true,true,true,true,true,true,true,true,true,true,true,true,true,true,true,true,true,true,true,true,true,true,true,true,true,true,true,true,true,true,true,true,true,true,true,true,true,true,true,true,true,true,true,true,true,true,true,true,true,true,true,true,true,true,true,true,true,true,true,true,true,true,true,true,true,true,true,true,true,true,true,true,true,true,true,true,true,true,true]}