{"modelCode$":"/*\n * Sandwood\n *\n * Copyright (c) 2019-2023, Oracle and/or its affiliates\n * \n * Licensed under the Universal Permissive License v 1.0 as shown at https://oss.oracle.com/licenses/upl/\n */\n\npackage org.sandwood.compiler.tests.parser;\n\nmodel HMMTestPart1(boolean flipMeasured) {\n        int states = 2;\n\n        double[] v = new double[states];\n        for(int i:[0..states))\n            v[i] = 0.1;\n        \n        double[][] m = dirichlet(v).sample(states);\n        double[] bias = beta(1.0, 1.0).sample(states);\n\n        int st = categorical(m[0]).sample();\n        boolean flip = bernoulli(bias[st]).sample();\n\n        flip.observe(flipMeasured);\n}\n","bias":[0.629203911472097,0.7766887894405499],"flip":true,"m":[[0.9999999999996314,3.685852800310058E-13],[0.9997850768079611,2.149231920389291E-4]],"st":0,"flipMeasured":true}