{"bias":{"type":"double","value":1.0},"flip":{"type":"double","value":0.2597061414427232},"m":{"type":"double","value":6.094895696820854E11},"modelProbability":{"type":"double","value":0.2597061414427232},"st":{"type":"double","value":0.9999673403964568}}