{"bias":{"type":"double","value":0.0},"flips":{"type":"double","value":-32.24643756335577},"m":{"type":"double","value":0.03701799207178169},"modelProbability":{"type":"double","value":-32.24643756335577},"st":{"type":"double","value":-6.711043752869253}}