{"bias":{"type":"double","value":1.0},"flips":{"type":"double","value":9.898060526704704E-15},"m":{"type":"double","value":1.0377116912534345},"modelProbability":{"type":"double","value":9.898060526704704E-15},"st":{"type":"double","value":0.0012173928040127163}}