{"bias":{"type":"double[][]","value":[[0.8779563035465601,0.12328561261497889]]}}