{"bernoulli":{"type":"double[]","value":[-1531.576329249031,-2641.3728497151583]},"flips":{"type":"double","value":-4172.949178964189},"modelProbabilities":{"type":"double","value":-4172.949178964189}}