{"bias":{"type":"double","value":0.0},"flips":{"type":"double","value":-100.0379543167201},"m":{"type":"double","value":27.13588767281251},"modelProbability":{"type":"double","value":-100.0379543167201},"st":{"type":"double","value":-0.0016330070041152987}}