{"bias":{"type":"double[][]","value":[[0.9993817510733648,0.9276732406669205]]},"m":{"type":"double[][][]","value":[[[1.2526163611382835E-20,1.0],[0.999791035629083,2.0896437091688853E-4]]]},"st":{"type":"int[][]","value":[[0,1,0,1,0,1,0,1,0,1,0,1,0,1,0,1,0,1,0,1,0,1,0,1,0,1,0,1,0,1,0,1,0,1,0,1,0,1,0,1,0,1,0,1,0,1,0,1,0,1,0,1,0,1,0,1,0,1,0,1,0,1,0,1,0,1,0,1,0,1,0,1,0,1,0,1,0,1,0,1,0,1,0,1,0,1,0,1,0,1,0,1,0,1,0,1,0,1,0,1]]}}