Tasks: [ task1, type: Constant Int, scope: task0, input [], output [var1], Sandwood Code: int a = 5; ], [ task2, type: Constant Int, scope: task0, input [], output [var2], Sandwood Code: int b = 10; ], [ task3, type: Addition, scope: task0, input [var1, var2], output [var3], Sandwood Code: int c = a + b; ], [ task4, type: Addition, scope: task0, input [var2, var3], output [var4], Sandwood Code: int d = b + c; ], [ task5, type: Addition, scope: task0, input [var2, var1], output [var5], Sandwood Code: int e = b + a; ], Variables: [ var1, type: int, handle var1, parent: task1, alias: a, comment: null, scope: task0 ], [ var2, type: int, handle var2, parent: task2, alias: b, comment: null, scope: task0 ], [ var3, type: int, handle var3, parent: task3, alias: c, comment: null, scope: task0 ], [ var4, type: int, handle var4, parent: task4, alias: d, comment: null, scope: task0 ], [ var5, type: int, handle var5, parent: task5, alias: e, comment: null, scope: task0 ], 