interface ClassName$CoreInterface extends org.sandwood.runtime.internal.model.CoreModel {

	// Getter for a.
	public double get$a();

	// Getter for b.
	public double get$b();

	// Getter for bias.
	public double get$bias();

	// Setter for bias.
	public void set$bias(double cv$value);

	// Getter for fixedFlag$sample16.
	public boolean get$fixedFlag$sample16();

	// Setter for fixedFlag$sample16.
	public void set$fixedFlag$sample16(boolean cv$value);

	// Getter for fixedFlag$sample22.
	public boolean get$fixedFlag$sample22();

	// Setter for fixedFlag$sample22.
	public void set$fixedFlag$sample22(boolean cv$value);

	// Getter for fixedFlag$sample29.
	public boolean get$fixedFlag$sample29();

	// Setter for fixedFlag$sample29.
	public void set$fixedFlag$sample29(boolean cv$value);

	// Getter for flips1.
	public boolean[] get$flips1();

	// Setter for flips1.
	public void set$flips1(boolean[] cv$value);

	// Getter for flips2.
	public boolean[] get$flips2();

	// Setter for flips2.
	public void set$flips2(boolean[] cv$value);

	// Getter for flipsMeasured1.
	public boolean[] get$flipsMeasured1();

	// Setter for flipsMeasured1.
	public void set$flipsMeasured1(boolean[] cv$value);

	// Getter for flipsMeasured2.
	public boolean[] get$flipsMeasured2();

	// Setter for flipsMeasured2.
	public void set$flipsMeasured2(boolean[] cv$value);

	// Getter for length$flipsMeasured1.
	public int get$length$flipsMeasured1();

	// Setter for length$flipsMeasured1.
	public void set$length$flipsMeasured1(int cv$value);

	// Getter for length$flipsMeasured2.
	public int get$length$flipsMeasured2();

	// Setter for length$flipsMeasured2.
	public void set$length$flipsMeasured2(int cv$value);

	// Getter for logProbability$bernoulli1.
	public double get$logProbability$bernoulli1();

	// Getter for logProbability$bernoulli2.
	public double get$logProbability$bernoulli2();

	// Getter for logProbability$bias.
	public double get$logProbability$bias();

	// Getter for logProbability$flips1.
	public double get$logProbability$flips1();

	// Getter for logProbability$flips2.
	public double get$logProbability$flips2();

	// Getter for samples1.
	public int get$samples1();

	// Getter for samples2.
	public int get$samples2();

	// Method to generate a new random state for the model excluding any fixed values
	// and then calculate its probability.
	public void logEvidenceGeneration();
}