{"bias":{"type":"double[]","value":[0.49817080455321755,0.9999992319489097]}}