{"modelCode$":"/*\n * Sandwood\n *\n * Copyright (c) 2019-2023, Oracle and/or its affiliates\n * \n * Licensed under the Universal Permissive License v 1.0 as shown at https://oss.oracle.com/licenses/upl/\n */\n\npackage org.sandwood.compiler.tests.parser;\n\nmodel HMMTestPart2(boolean[] flipsMeasured) {\n        int states = 2;\n\n        double[] v = new double[states];\n        for(int i:[0..states))\n            v[i] = 0.1;\n        \n        double[][] m = dirichlet(v).sample(states);\n        double[] bias = beta(1.0, 1.0).sample(states);\n\n        int samples = flipsMeasured.length;\n        int[] st = new int[samples];\n        st[0] = 0;\n        \n        boolean[] flips = new boolean[samples];\n\n        for(int i:[1..samples))\n            st[i] = categorical(m[st[i-1]]).sample();\n            \n        for(int j:[1..samples))\n            flips[j] = bernoulli(bias[st[j]]).sample();\n\n        flips.observe(flipsMeasured);\n}\n","bias":[0.9886651833433808,0.9985749018876477],"flips":[true,true,true,true,true,true,true,true,true,true,true,true,true,true,true,true,true,true,true,true,true,true,true,true,true,true,true,true,true,true,true,true,true,true,true,true,true,true,true,true,true,true,true,true,true,true,true,true,true,true,true,true,true,true,true,true,true,true,true,true,true,true,true,true,true,true,true,true,true,true,true,true,true,true,true,true,true,true,true,true,true,true,true,true,true,true,true,true,true,true,true,true,true,true,true,true,true,true,true,true],"m":[[0.9552422669103718,0.044757733089628195],[0.011477063750427646,0.9885229362495723]],"st":[0,0,0,0,0,0,0,0,0,0,0,0,0,0,0,0,0,0,0,0,0,0,1,1,1,1,1,1,1,1,1,1,1,1,1,1,1,1,1,1,1,1,1,1,1,1,1,1,1,1,1,1,1,1,1,1,1,1,1,1,1,1,1,1,1,1,1,1,1,1,1,1,1,1,1,1,1,1,1,1,1,1,1,1,1,1,1,1,1,1,1,1,1,1,1,1,1,1,1,1],"flipsMeasured":[true,true,true,true,true,true,true,true,true,true,true,true,true,true,true,true,true,true,true,true,true,true,true,true,true,true,true,true,true,true,true,true,true,true,true,true,true,true,true,true,true,true,true,true,true,true,true,true,true,true,true,true,true,true,true,true,true,true,true,true,true,true,true,true,true,true,true,true,true,true,true,true,true,true,true,true,true,true,true,true,true,true,true,true,true,true,true,true,true,true,true,true,true,true,true,true,true,true,true,true]}