{"bernoulli":{"type":"double[]","value":[-38783.05854643842,-69409.31477446518]},"flips":{"type":"double","value":-108192.3733209036},"modelProbabilities":{"type":"double","value":-108192.3733209036}}