{"bias":{"type":"double[]","value":[0.8353985766315072]},"flip":{"type":"boolean[]","value":[true]}}