{"modelCode$":"/*\n * Sandwood\n *\n * Copyright (c) 2019-2023, Oracle and/or its affiliates\n * \n * Licensed under the Universal Permissive License v 1.0 as shown at https://oss.oracle.com/licenses/upl/\n */\n\npackage org.sandwood.compiler.tests.parser;\n\npublic model Flip1CoinMK0(boolean flipMeasured) {\n    double bias = beta(1.0, 1.0).sample();\n    Bernoulli bernoulli = bernoulli(bias);\n    boolean flip = bernoulli.sample();\n    flip.observe(flipMeasured);\n}\n","bias":0.7750634645471248,"flip":true,"flipMeasured":true}