{"bias":{"type":"double","value":0.0},"flip":{"type":"double","value":-1.3482045123730906},"m":{"type":"double","value":27.13588767281251},"modelProbability":{"type":"double","value":-1.3482045123730906},"st":{"type":"double","value":-3.266013687961454E-5}}