{"bias":{"type":"double[][]","value":[[0.24206031047287996,0.883327799727346]]},"flip":{"type":"boolean[]","value":[false]},"m":{"type":"double[][][]","value":[[[0.9517786916714265,0.04822130832857353],[9.060915340254261E-4,0.9990939084659745]]]},"st":{"type":"int[]","value":[0]}}