{"bernoulli":{"type":"double","value":0.8353985766315072},"flip":{"type":"double","value":0.8353985766315072},"modelProbabilities":{"type":"double","value":0.8353985766315072}}