{"bias":{"type":"double[]","value":[0.7750634645471248]}}