{"bias":{"type":"double","value":1.0},"flips":{"type":"double","value":1.8402800493471298E-44},"m":{"type":"double","value":6.094895696820854E11},"modelProbability":{"type":"double","value":1.8402800493471298E-44},"st":{"type":"double","value":0.9983683256230628}}