{"bias":{"type":"double[]","value":[0.9999986064601967,0.49629292024809146]}}