{"bernoulli":{"type":"double","value":-17984.63307371004},"flips":{"type":"double","value":-17984.63307371004},"modelProbabilities":{"type":"double","value":-17984.63307371004}}