{"bernoulli":{"type":"double[]","value":[-17984.63307371004,-69416.3561512948]},"flips":{"type":"double","value":-87400.98922500484},"modelProbability":{"type":"double","value":-87400.98922500484}}