{"bias":{"type":"double[][]","value":[[0.9999956043938864,0.5004377609012267]]}}