{"bernoulli":{"type":"double[]","value":[-116349.17563885961,-69409.31477446518]},"flips":{"type":"double","value":-185758.4904133248},"modelProbabilities":{"type":"double","value":-185758.4904133248}}