{"bias":{"type":"double","value":1.0},"flips":{"type":"double","value":1.2065514777726112E-29},"m":{"type":"double","value":6.094895696820854E11},"modelProbability":{"type":"double","value":1.2065514777726112E-29},"st":{"type":"double","value":0.9967393139331374}}