{"modelCode$":"/*\n * Sandwood\n *\n * Copyright (c) 2019-2023, Oracle and/or its affiliates\n * \n * Licensed under the Universal Permissive License v 1.0 as shown at https://oss.oracle.com/licenses/upl/\n */\n\npackage org.sandwood.compiler.tests.parser;\n\nmodel HMMTestPart6(boolean[] flipsMeasured) {\n        int states = 2;\n\n        double[] v = new double[states];\n        for(int i:[0..states))\n            v[i] = 0.1;\n        \n        double[][] m = dirichlet(v).sample(states);\n        double[] bias = beta(1.0, 1.0).sample(states);\n\n        int samples = flipsMeasured.length;\n        int[] st = new int[samples];\n\n        st[0] = categorical(m[0]).sample();\n\n        for(int i:[4..samples + 3))\n            st[i-3] = categorical(m[(states - 1) - st[i-4]]).sample();\n            \n        boolean[] flips = new boolean[samples];\n            \n        for(int j:[5..samples+5))\n            flips[j-5] = bernoulli(bias[(states - 1) - st[j-5]]).sample();\n\n        flips.observe(flipsMeasured);\n}\n","bias":[[0.5138252693362564,0.2597061414427232]],"flips":[[false,false,false,false,true,true,false,false,true,false,false,true,false,true,true,false,true,false,true,false,false,false,true,false,false,true,true,true,true,true,true,true,true,false,true,true,true,false,false,true,true,false,true,false,false,true,true,false,true,false,true,true,true,true,true,false,true,false,true,true,false,true,false,true,false,false,true,true,true,true,true,true,true,false,false,true,false,true,true,true,true,false,true,true,true,false,false,true,true,true,false,false,false,true,false,false,false,true,true,true]],"m":[[[3.265960354319397E-5,0.9999673403964568],[0.999999999996732,3.268043038904047E-12]]],"st":[[1,1,1,1,1,1,1,1,1,1,1,1,1,1,1,1,1,1,1,1,1,1,1,1,1,1,1,1,1,1,1,1,1,1,1,1,1,1,1,1,1,1,1,1,1,1,1,1,1,1,1,1,1,1,1,1,1,1,1,1,1,1,1,1,1,1,1,1,1,1,1,1,1,1,1,1,1,1,1,1,1,1,1,1,1,1,1,1,1,1,1,1,1,1,1,1,1,1,1,1]],"flipsMeasured":100}