{"bias":{"type":"double[][]","value":[[0.5138252693362564,0.2597061414427232]]},"flips":{"type":"boolean[][]","value":[[false,false,false,false,true,true,false,false,true,false,false,true,false,true,true,false,true,false,true,false,false,false,true,false,false,true,true,true,true,true,true,true,true,false,true,true,true,false,false,true,true,false,true,false,false,true,true,false,true,false,true,true,true,true,true,false,true,false,true,true,false,true,false,true,false,false,true,true,true,true,true,true,true,false,false,true,false,true,true,true,true,false,true,true,true,false,false,true,true,true,false,false,false,true,false,false,false,true,true,true]]},"m":{"type":"double[][][]","value":[[[3.265960354319397E-5,0.9999673403964568],[0.999999999996732,3.268043038904047E-12]]]},"st":{"type":"int[][]","value":[[1,1,1,1,1,1,1,1,1,1,1,1,1,1,1,1,1,1,1,1,1,1,1,1,1,1,1,1,1,1,1,1,1,1,1,1,1,1,1,1,1,1,1,1,1,1,1,1,1,1,1,1,1,1,1,1,1,1,1,1,1,1,1,1,1,1,1,1,1,1,1,1,1,1,1,1,1,1,1,1,1,1,1,1,1,1,1,1,1,1,1,1,1,1,1,1,1,1,1,1]]}}