{"bias":{"type":"double[]","value":[0.9924071460533548,0.807805031446893]},"m":{"type":"double[][]","value":[[9.077548629074884E-4,0.9990922451370925],[0.9999147221481883,8.52778518117127E-5]]},"st":{"type":"int[]","value":[1,1,1,1,1,1,1,1,1,1,1,1,1,1,1,1,1,1,1,1,1,1,1,1,1,1,1,1,1,1,1,1,1,1,1,1,1,1,1,1,1,1,1,1,1,1,1,1,1,1,1,1,1,1,1,1,1,1,1,1,1,1,1,1,1,1,1,1,1,1,1,1,1,1,1,1,1,1,1,1,1,1,1,1,1,1,1,1,1,1,1,1,1,1,1,1,1,1,1,1]}}