{"bias":{"type":"double[][]","value":[[0.9999956043938864,0.9999992319489097]]}}