{"bernoulli":{"type":"double[]","value":[-116349.17563885961,-73759.63776867201]},"flips":{"type":"double","value":-190108.81340753162},"modelProbabilities":{"type":"double","value":-190108.81340753162}}