{"bias":{"type":"double[][]","value":[[0.9999986110585857,0.9999762130087848]]}}