{"bernoulli":{"type":"double[]","value":[-53953.89922101259,-73925.73602940883]},"flips":{"type":"double","value":-127879.63525042142},"modelProbabilities":{"type":"double","value":-127879.63525042142}}